******************************************************************************
                  TI ARM Linker PC v20.2.7                     
******************************************************************************
>> Linked Sun Mar  3 14:16:36 2024

OUTPUT FILE NAME:   <NVIC_EX_2.out>
ENTRY POINT SYMBOL: "_c_int00_noargs"  address: 00000549


MEMORY CONFIGURATION

         name            origin    length      used     unused   attr    fill
----------------------  --------  ---------  --------  --------  ----  --------
  FLASH                 00000000   00040000  000005b6  0003fa4a  R  X
  SRAM                  20000000   00008000  00000201  00007dff  RW X


SEGMENT ALLOCATION MAP

run origin  load origin   length   init length attrs members
----------  ----------- ---------- ----------- ----- -------
00000000    00000000    000005b8   000005b8    r-x
  00000000    00000000    0000026c   0000026c    r-- .intvecs
  0000026c    0000026c    00000332   00000332    r-x .text
  000005a0    000005a0    00000018   00000018    r-- .cinit
20000000    20000000    00000201   00000000    rw-
  20000000    20000000    00000200   00000000    rw- .stack
  20000200    20000200    00000001   00000000    rw- .data


SECTION ALLOCATION MAP

 output                                  attributes/
section   page    origin      length       input sections
--------  ----  ----------  ----------   ----------------
.intvecs   0    00000000    0000026c     
                  00000000    0000026c     tm4c123gh6pm_startup_ccs.obj (.intvecs)

.text      0    0000026c    00000332     
                  0000026c    00000194     main.obj (.text)
                  00000400    0000009c     rtsv7M4_T_le_v4SPD16_eabi.lib : memcpy_t2.asm.obj (.text)
                  0000049c    00000068                                   : copy_decompress_lzss.c.obj (.text:decompress:lzss:__TI_decompress_lzss)
                  00000504    00000044                                   : autoinit.c.obj (.text:__TI_auto_init_nobinit_nopinit:__TI_auto_init_nobinit_nopinit)
                  00000548    00000034                                   : boot_cortex_m.c.obj (.text:_c_int00_noargs:_c_int00_noargs)
                  0000057c    0000000e                                   : copy_decompress_none.c.obj (.text:decompress:none:__TI_decompress_none)
                  0000058a    0000000c     tm4c123gh6pm_startup_ccs.obj (.text)
                  00000596    00000004     rtsv7M4_T_le_v4SPD16_eabi.lib : pre_init.c.obj (.text:_system_pre_init)
                  0000059a    00000004                                   : exit.c.obj (.text:abort:abort)

.cinit     0    000005a0    00000018     
                  000005a0    00000008     (__TI_handler_table)
                  000005a8    00000005     (.cinit..data.load) [load image, compression = lzss]
                  000005ad    00000003     --HOLE-- [fill = 0]
                  000005b0    00000008     (__TI_cinit_table)

.init_array 
*          0    00000000    00000000     UNINITIALIZED

.data      0    20000200    00000001     UNINITIALIZED
                  20000200    00000001     main.obj (.data)

.stack     0    20000000    00000200     UNINITIALIZED
                  20000000    00000004     rtsv7M4_T_le_v4SPD16_eabi.lib : boot_cortex_m.c.obj (.stack)
                  20000004    000001fc     --HOLE--

__llvm_prf_cnts 
*          0    20000000    00000000     UNINITIALIZED

MODULE SUMMARY

       Module                         code   ro data   rw data
       ------                         ----   -------   -------
    .\
       tm4c123gh6pm_startup_ccs.obj   12     620       0      
       main.obj                       404    0         1      
    +--+------------------------------+------+---------+---------+
       Total:                         416    620       1      
                                                              
    C:\ti\ccs1260\ccs\tools\compiler\ti-cgt-arm_20.2.7.LTS\lib\rtsv7M4_T_le_v4SPD16_eabi.lib
       memcpy_t2.asm.obj              156    0         0      
       copy_decompress_lzss.c.obj     104    0         0      
       autoinit.c.obj                 68     0         0      
       boot_cortex_m.c.obj            52     0         0      
       copy_decompress_none.c.obj     14     0         0      
       exit.c.obj                     4      0         0      
       pre_init.c.obj                 4      0         0      
    +--+------------------------------+------+---------+---------+
       Total:                         402    0         0      
                                                              
       Stack:                         0      0         512    
       Linker Generated:              0      21        0      
    +--+------------------------------+------+---------+---------+
       Grand Total:                   818    641       513    


LINKER GENERATED COPY TABLES

__TI_cinit_table @ 000005b0 records: 1, size/record: 8, table size: 8
	.data: load addr=000005a8, load size=00000005 bytes, run addr=20000200, run size=00000001 bytes, compression=lzss


LINKER GENERATED HANDLER TABLE

__TI_handler_table @ 000005a0 records: 2, size/record: 4, table size: 8
	index: 0, handler: __TI_decompress_lzss
	index: 1, handler: __TI_decompress_none


GLOBAL SYMBOLS: SORTED ALPHABETICALLY BY Name 

address   name                          
-------   ----                          
0000059b  C$$EXIT                       
20000200  INT_FLAG                      
00000303  INT_GPIO_CFG                  
000002e9  INT_NVIC_Init                 
0000026d  LEDs_Init                     
0000058b  ResetISR                      
000002ab  SW1_Init                      
00000337  SW1_IntHandler                
20000200  __STACK_END                   
00000200  __STACK_SIZE                  
20000200  __STACK_TOP                   
000005b0  __TI_CINIT_Base               
000005b8  __TI_CINIT_Limit              
000005a0  __TI_Handler_Table_Base       
000005a8  __TI_Handler_Table_Limit      
00000505  __TI_auto_init_nobinit_nopinit
0000049d  __TI_decompress_lzss          
0000057d  __TI_decompress_none          
ffffffff  __TI_pprof_out_hndl           
ffffffff  __TI_prof_data_size           
ffffffff  __TI_prof_data_start          
00000000  __TI_static_base__            
00000401  __aeabi_memcpy                
00000401  __aeabi_memcpy4               
00000401  __aeabi_memcpy8               
ffffffff  __binit__                     
ffffffff  __c_args__                    
UNDEFED   __mpu_init                    
20000000  __stack                       
20000000  __start___llvm_prf_cnts       
20000000  __stop___llvm_prf_cnts        
00000549  _c_int00_noargs               
UNDEFED   _system_post_cinit            
00000597  _system_pre_init              
0000059b  abort                         
ffffffff  binit                         
00000000  g_pfnVectors                  
00000349  main                          
00000401  memcpy                        


GLOBAL SYMBOLS: SORTED BY Symbol Address 

address   name                          
-------   ----                          
00000000  __TI_static_base__            
00000000  g_pfnVectors                  
00000200  __STACK_SIZE                  
0000026d  LEDs_Init                     
000002ab  SW1_Init                      
000002e9  INT_NVIC_Init                 
00000303  INT_GPIO_CFG                  
00000337  SW1_IntHandler                
00000349  main                          
00000401  __aeabi_memcpy                
00000401  __aeabi_memcpy4               
00000401  __aeabi_memcpy8               
00000401  memcpy                        
0000049d  __TI_decompress_lzss          
00000505  __TI_auto_init_nobinit_nopinit
00000549  _c_int00_noargs               
0000057d  __TI_decompress_none          
0000058b  ResetISR                      
00000597  _system_pre_init              
0000059b  C$$EXIT                       
0000059b  abort                         
000005a0  __TI_Handler_Table_Base       
000005a8  __TI_Handler_Table_Limit      
000005b0  __TI_CINIT_Base               
000005b8  __TI_CINIT_Limit              
20000000  __stack                       
20000000  __start___llvm_prf_cnts       
20000000  __stop___llvm_prf_cnts        
20000200  INT_FLAG                      
20000200  __STACK_END                   
20000200  __STACK_TOP                   
ffffffff  __TI_pprof_out_hndl           
ffffffff  __TI_prof_data_size           
ffffffff  __TI_prof_data_start          
ffffffff  __binit__                     
ffffffff  __c_args__                    
ffffffff  binit                         
UNDEFED   __mpu_init                    
UNDEFED   _system_post_cinit            

[39 symbols]
